2026-04-23 17:47:20.641: [INFO] OnDoneLoading sync enabled: 0
2026-04-23 18:01:55.094: [INFO] OnDoneLoading sync enabled: 0
2026-04-23 18:02:23.104: [INFO] OnDoneLoading sync enabled: 0
2026-04-23 18:11:54.201: [INFO] OnDoneLoading sync enabled: 0
2026-04-23 18:15:01.918: [INFO] OnDoneLoading sync enabled: 0
2026-04-23 18:17:08.525: [INFO] OnDoneLoading sync enabled: 0
2026-04-23 18:40:39.382: [INFO] OnDoneLoading sync enabled: 0
2026-04-25 03:03:49.982: [INFO] OnDoneLoading sync enabled: 0
2026-04-26 06:13:20.750: [INFO] OnDoneLoading sync enabled: 0
2026-04-28 17:21:59.593: [INFO] OnDoneLoading sync enabled: 0
2026-04-28 18:18:09.199: [INFO] OnDoneLoading sync enabled: 0
2026-04-28 18:31:22.969: [INFO] OnDoneLoading sync enabled: 0
2026-04-28 18:33:41.217: [INFO] OnDoneLoading sync enabled: 0
2026-04-28 18:45:23.054: [INFO] OnDoneLoading sync enabled: 0
2026-04-28 18:58:57.558: [INFO] OnDoneLoading sync enabled: 0
2026-05-10 18:14:18.317: [INFO] OnDoneLoading sync enabled: 0
2026-05-10 18:52:36.195: [INFO] OnDoneLoading sync enabled: 0
2026-05-31 12:42:51.237: [INFO] OnDoneLoading sync enabled: 0
2026-05-31 12:58:54.057: [INFO] OnDoneLoading sync enabled: 0
2026-05-31 13:01:32.040: [INFO] OnDoneLoading sync enabled: 0
2026-05-31 13:24:59.359: [INFO] OnDoneLoading sync enabled: 0
2026-05-31 13:36:00.245: [INFO] OnDoneLoading sync enabled: 0
2026-05-31 14:53:42.042: [INFO] OnDoneLoading sync enabled: 0
2026-05-31 15:13:21.171: [INFO] OnDoneLoading sync enabled: 0
2026-05-31 15:56:53.809: [INFO] OnDoneLoading sync enabled: 0
2026-06-01 15:32:51.298: [INFO] OnDoneLoading sync enabled: 0
2026-06-29 17:23:48.850: [INFO] OnDoneLoading sync enabled: 0
2026-06-29 17:38:33.239: [INFO] OnDoneLoading sync enabled: 0
2026-07-07 15:39:16.619: [INFO] OnDoneLoading sync enabled: 0
2026-07-07 15:44:23.633: [INFO] OnDoneLoading sync enabled: 0
2026-07-07 15:45:59.927: [INFO] OnDoneLoading sync enabled: 0
2026-07-07 15:49:08.624: [INFO] OnDoneLoading sync enabled: 0
2026-07-07 15:49:52.059: [INFO] OnDoneLoading sync enabled: 0
2026-07-07 17:28:31.672: [INFO] OnDoneLoading sync enabled: 0
2026-07-07 19:24:12.646: [INFO] OnDoneLoading sync enabled: 0
2026-07-07 19:56:33.019: [INFO] OnDoneLoading sync enabled: 0
2026-09-13 17:13:49.681: [INFO] CurrentProfilePath: C:\ECLIPSE\ECLIPSE_WORKSPACE\.metadata\.plugins\org.eclipse.swt\EBWebView\Default
2026-09-13 17:13:49.681: [INFO] Profiles total count: 1
2026-09-13 17:13:49.681: [INFO] Profile: name=Profile 1 path=C:\ECLIPSE\ECLIPSE_WORKSPACE\.metadata\.plugins\org.eclipse.swt\EBWebView\Default lastActive=2026-07-07T15:50:16.918Z
2026-09-13 17:13:49.681: [INFO] LastUsedProfileDir: C:\ECLIPSE\ECLIPSE_WORKSPACE\.metadata\.plugins\org.eclipse.swt\EBWebView\Default
2026-09-13 17:13:49.681: [INFO] MostRecentlyActiveProfile: name=Profile 1 path=C:\ECLIPSE\ECLIPSE_WORKSPACE\.metadata\.plugins\org.eclipse.swt\EBWebView\Default lastActive=2026-07-07T15:50:16.918Z
2026-09-13 17:13:49.681: [INFO] OnDoneLoading sync enabled: 0
2026-09-13 17:13:49.681: [INFO] BookmarkModelLoaded, ids_reassigned: 0
2026-09-13 17:13:49.681: [INFO] BookmarksLoadDropped droppedNodes=0
2026-09-13 17:13:49.681: [INFO] BookmarksSnapshot Startup total=0 bar=0 other=0 mobile=0 showBar=0 showBarNTP=1
2026-09-13 17:14:03.242: [INFO] BookmarksSnapshot Shutdown total=0 bar=0 other=0 mobile=0 showBar=0 showBarNTP=1
